// Jest Snapshot v1, https://goo.gl/fbAQLP

exports[`Given the app When the app is rendered Then it matches the snapshot 1`] = `
Object {
  "asFragment": [Function],
  "baseElement": <body>
    <div>
      <div
        class="bg-background min-h-screen flex flex-col justify-between min-h py-8 gap-8"
      >
        <header
          class="flex justify-center"
        >
          <a
            href="/"
          >
            <h1
              class="text-6xl text-tertiary font-extrabold"
            >
              ToolAI
            </h1>
          </a>
        </header>
        <div>
          Loading...
        </div>
        <footer
          class="text-tertiary flex flex-col items-center gap-4 text-center"
        >
          <span
            class="first-letter:uppercase"
          >
            This is a submission for
             
            <a
              class="underline"
              href="https://github.com/midudev/midu-cohere-hackathon"
              rel="noreferrer"
              target="_blank"
            >
              midudev hackaton
            </a>
          </span>
          <span>
            Designed and developed by
             
            <a
              class="underline"
              href="https://github.com/Jacky16"
              rel="noreferrer"
              target="_blank"
            >
              Adrià Martínez
            </a>
             
            with ❤️
          </span>
        </footer>
      </div>
    </div>
  </body>,
  "container": <div>
    <div
      class="bg-background min-h-screen flex flex-col justify-between min-h py-8 gap-8"
    >
      <header
        class="flex justify-center"
      >
        <a
          href="/"
        >
          <h1
            class="text-6xl text-tertiary font-extrabold"
          >
            ToolAI
          </h1>
        </a>
      </header>
      <div>
        Loading...
      </div>
      <footer
        class="text-tertiary flex flex-col items-center gap-4 text-center"
      >
        <span
          class="first-letter:uppercase"
        >
          This is a submission for
           
          <a
            class="underline"
            href="https://github.com/midudev/midu-cohere-hackathon"
            rel="noreferrer"
            target="_blank"
          >
            midudev hackaton
          </a>
        </span>
        <span>
          Designed and developed by
           
          <a
            class="underline"
            href="https://github.com/Jacky16"
            rel="noreferrer"
            target="_blank"
          >
            Adrià Martínez
          </a>
           
          with ❤️
        </span>
      </footer>
    </div>
  </div>,
  "debug": [Function],
  "findAllByAltText": [Function],
  "findAllByDisplayValue": [Function],
  "findAllByLabelText": [Function],
  "findAllByPlaceholderText": [Function],
  "findAllByRole": [Function],
  "findAllByTestId": [Function],
  "findAllByText": [Function],
  "findAllByTitle": [Function],
  "findByAltText": [Function],
  "findByDisplayValue": [Function],
  "findByLabelText": [Function],
  "findByPlaceholderText": [Function],
  "findByRole": [Function],
  "findByTestId": [Function],
  "findByText": [Function],
  "findByTitle": [Function],
  "getAllByAltText": [Function],
  "getAllByDisplayValue": [Function],
  "getAllByLabelText": [Function],
  "getAllByPlaceholderText": [Function],
  "getAllByRole": [Function],
  "getAllByTestId": [Function],
  "getAllByText": [Function],
  "getAllByTitle": [Function],
  "getByAltText": [Function],
  "getByDisplayValue": [Function],
  "getByLabelText": [Function],
  "getByPlaceholderText": [Function],
  "getByRole": [Function],
  "getByTestId": [Function],
  "getByText": [Function],
  "getByTitle": [Function],
  "queryAllByAltText": [Function],
  "queryAllByDisplayValue": [Function],
  "queryAllByLabelText": [Function],
  "queryAllByPlaceholderText": [Function],
  "queryAllByRole": [Function],
  "queryAllByTestId": [Function],
  "queryAllByText": [Function],
  "queryAllByTitle": [Function],
  "queryByAltText": [Function],
  "queryByDisplayValue": [Function],
  "queryByLabelText": [Function],
  "queryByPlaceholderText": [Function],
  "queryByRole": [Function],
  "queryByTestId": [Function],
  "queryByText": [Function],
  "queryByTitle": [Function],
  "rerender": [Function],
  "unmount": [Function],
}
`;
